<html>
<body>
<pre>
<h1>µVision Build Log</h1>
<h2>Tool Versions:</h2>
IDE-Version: µVision V5.26.2.0
Copyright (C) 2018 ARM Ltd and ARM Germany GmbH. All rights reserved.
License Information: hans wurst, currywurst, LIC=CZLQD-8T6ST-1P8Z5-GHD6C-CGL9P-J87ZJ
 
Tool Versions:
Toolchain:       MDK-ARM Plus  Version: 5.26.2.0
Toolchain Path:  C:\Keil_v5\ARM\ARMCC\Bin
C Compiler:      Armcc.exe V5.06 update 6 (build 750)
Assembler:       Armasm.exe V5.06 update 6 (build 750)
Linker/Locator:  ArmLink.exe V5.06 update 6 (build 750)
Library Manager: ArmAr.exe V5.06 update 6 (build 750)
Hex Converter:   FromElf.exe V5.06 update 6 (build 750)
CPU DLL:         SARMCM3.DLL V5.26.2.0
Dialog DLL:      DCM.DLL V1.17.2.0
Target DLL:      STLink\ST-LINKIII-KEIL_SWO.dll V3.0.5.0
Dialog DLL:      TCM.DLL V1.36.1.0
 
<h2>Project:</h2>
A:\projects\SystemProgrammingForARM\DocetOS\DocetOS_sleep_wait.uvprojx
Project File Date:  12/13/2018

<h2>Output:</h2>
*** Using Compiler 'V5.06 update 6 (build 750)', folder: 'C:\Keil_v5\ARM\ARMCC\Bin'
Rebuild target 'STM32F407 Flash'
compiling main.c...
compiling simpleRoundRobin.c...
assembling os_asm.s...
compiling retarget.c...
compiling serial.c...
compiling heap.c...
utils\heap.c(39): warning:  #177-D: variable "newNode"  was declared but never referenced
  	minHeapNode newNode = {
utils\heap.c(6): warning:  #177-D: function "_getFirstChildIndex"  was declared but never referenced
  static uint32_t _getFirstChildIndex(uint32_t node_index_zero_based);
utils\heap.c(7): warning:  #177-D: function "_getSecondChildIndex"  was declared but never referenced
  static uint32_t _getSecondChildIndex(uint32_t node_index_zero_based);
utils\heap.c(8): warning:  #177-D: function "_getPointerToItemAtIndex"  was declared but never referenced
  static void * _getPointerToItemAtIndex(uint32_t node_index_zero_based);
utils\heap.c: 4 warnings, 0 errors
compiling os.c...
compiling hardfault.c...
assembling startup_stm32f407xx.s...
compiling retarget.c...
compiling serial.c...
compiling system_stm32f4xx.c...
linking...
.\Flash\DocetOS_sleep_wait.axf: Warning: L6304W: Duplicate input file .\flash\retarget_1.o ignored.
.\Flash\DocetOS_sleep_wait.axf: Warning: L6304W: Duplicate input file .\flash\serial_1.o ignored.
Program Size: Code=3160 RO-data=500 RW-data=80 ZI-data=2272  
Finished: 0 information, 2 warning and 0 error messages.
".\Flash\DocetOS_sleep_wait.axf" - 0 Error(s), 6 Warning(s).

<h2>Software Packages used:</h2>

Package Vendor: ARM
                http://www.keil.com/pack/ARM.CMSIS.5.4.0.pack
                ARM.CMSIS.5.4.0
                CMSIS (Cortex Microcontroller Software Interface Standard)
   * Component: CORE Version: 5.1.2

Package Vendor: Keil
                http://www.keil.com/pack/Keil.STM32F4xx_DFP.2.13.0.pack
                Keil.STM32F4xx_DFP.2.13.0
                STMicroelectronics STM32F4 Series Device Support, Drivers and Examples
   * Component: Startup Version: 2.6.2

<h2>Collection of Component include folders:</h2>
  .\RTE\_STM32F407_Flash
  C:\Keil_v5\ARM\PACK\ARM\CMSIS\5.4.0\CMSIS\Core\Include
  C:\Keil_v5\ARM\PACK\Keil\STM32F4xx_DFP\2.13.0\Drivers\CMSIS\Device\ST\STM32F4xx\Include

<h2>Collection of Component Files used:</h2>

   * Component: ARM::CMSIS:CORE:5.1.2

   * Component: Keil::Device:Startup:2.6.2
      Source file:   MDK\Device\Source\ARM\STM32F40xxx_41xxx_OPT.s
      Include file:  Drivers\CMSIS\Device\ST\STM32F4xx\Include\stm32f4xx.h
      Source file:   MDK\Device\Source\ARM\STM32F4xx_OTP.s
      Source file:   Drivers\CMSIS\Device\ST\STM32F4xx\Source\Templates\arm\startup_stm32f407xx.s
      Source file:   Drivers\CMSIS\Device\ST\STM32F4xx\Source\Templates\system_stm32f4xx.c
Build Time Elapsed:  00:00:05
</pre>
</body>
</html>
